../Core/Src/main.c:78:5:main	48	static
../Core/Src/main.c:158:6:SystemClock_Config	88	static
../Core/Src/main.c:205:13:MX_TIM2_Init	32	static
../Core/Src/main.c:250:13:MX_USART3_UART_Init	8	static
../Core/Src/main.c:283:13:MX_USB_OTG_FS_PCD_Init	8	static
../Core/Src/main.c:318:13:MX_GPIO_Init	56	static
../Core/Src/main.c:370:6:configureTimerForRunTimeStats	4	static
../Core/Src/main.c:375:15:getRunTimeCounterValue	4	static
../Core/Src/main.c:381:6:vApplicationIdleHook	8	static
../Core/Src/main.c:397:6:vApplicationTickHook	8	static
../Core/Src/main.c:408:6:vApplicationStackOverflowHook	24	static,ignoring_inline_asm
../Core/Src/main.c:430:6:StartDefaultTask	16	static
../Core/Src/main.c:449:6:HAL_TIM_PeriodElapsedCallback	16	static
../Core/Src/main.c:469:6:Error_Handler	4	static,ignoring_inline_asm
